Archive member included to satisfy reference by file (symbol)

E:/Programs/STM32 Cube IDE/STM32CubeIDE/plugins/com.st.stm32cube.ide.mcu.externaltools.gnu-tools-for-stm32.11.3.rel1.win32_1.1.0.202305231506/tools/bin/../lib/gcc/arm-none-eabi/11.3.1/../../../../arm-none-eabi/lib/thumb/v7e-m+fp/hard\libc_nano.a(libc_a-exit.o)
                              E:/Programs/STM32 Cube IDE/STM32CubeIDE/plugins/com.st.stm32cube.ide.mcu.externaltools.gnu-tools-for-stm32.11.3.rel1.win32_1.1.0.202305231506/tools/bin/../lib/gcc/arm-none-eabi/11.3.1/../../../../arm-none-eabi/lib/thumb/v7e-m+fp/hard/crt0.o (exit)
E:/Programs/STM32 Cube IDE/STM32CubeIDE/plugins/com.st.stm32cube.ide.mcu.externaltools.gnu-tools-for-stm32.11.3.rel1.win32_1.1.0.202305231506/tools/bin/../lib/gcc/arm-none-eabi/11.3.1/../../../../arm-none-eabi/lib/thumb/v7e-m+fp/hard\libc_nano.a(libc_a-findfp.o)
                              E:/Programs/STM32 Cube IDE/STM32CubeIDE/plugins/com.st.stm32cube.ide.mcu.externaltools.gnu-tools-for-stm32.11.3.rel1.win32_1.1.0.202305231506/tools/bin/../lib/gcc/arm-none-eabi/11.3.1/../../../../arm-none-eabi/lib/thumb/v7e-m+fp/hard\libc_nano.a(libc_a-exit.o) (__stdio_exit_handler)
E:/Programs/STM32 Cube IDE/STM32CubeIDE/plugins/com.st.stm32cube.ide.mcu.externaltools.gnu-tools-for-stm32.11.3.rel1.win32_1.1.0.202305231506/tools/bin/../lib/gcc/arm-none-eabi/11.3.1/../../../../arm-none-eabi/lib/thumb/v7e-m+fp/hard\libc_nano.a(libc_a-fwalk.o)
                              E:/Programs/STM32 Cube IDE/STM32CubeIDE/plugins/com.st.stm32cube.ide.mcu.externaltools.gnu-tools-for-stm32.11.3.rel1.win32_1.1.0.202305231506/tools/bin/../lib/gcc/arm-none-eabi/11.3.1/../../../../arm-none-eabi/lib/thumb/v7e-m+fp/hard\libc_nano.a(libc_a-findfp.o) (_fwalk_sglue)
E:/Programs/STM32 Cube IDE/STM32CubeIDE/plugins/com.st.stm32cube.ide.mcu.externaltools.gnu-tools-for-stm32.11.3.rel1.win32_1.1.0.202305231506/tools/bin/../lib/gcc/arm-none-eabi/11.3.1/../../../../arm-none-eabi/lib/thumb/v7e-m+fp/hard\libc_nano.a(libc_a-stdio.o)
                              E:/Programs/STM32 Cube IDE/STM32CubeIDE/plugins/com.st.stm32cube.ide.mcu.externaltools.gnu-tools-for-stm32.11.3.rel1.win32_1.1.0.202305231506/tools/bin/../lib/gcc/arm-none-eabi/11.3.1/../../../../arm-none-eabi/lib/thumb/v7e-m+fp/hard\libc_nano.a(libc_a-findfp.o) (__sread)
E:/Programs/STM32 Cube IDE/STM32CubeIDE/plugins/com.st.stm32cube.ide.mcu.externaltools.gnu-tools-for-stm32.11.3.rel1.win32_1.1.0.202305231506/tools/bin/../lib/gcc/arm-none-eabi/11.3.1/../../../../arm-none-eabi/lib/thumb/v7e-m+fp/hard\libc_nano.a(libc_a-memset.o)
                              E:/Programs/STM32 Cube IDE/STM32CubeIDE/plugins/com.st.stm32cube.ide.mcu.externaltools.gnu-tools-for-stm32.11.3.rel1.win32_1.1.0.202305231506/tools/bin/../lib/gcc/arm-none-eabi/11.3.1/../../../../arm-none-eabi/lib/thumb/v7e-m+fp/hard/crt0.o (memset)
E:/Programs/STM32 Cube IDE/STM32CubeIDE/plugins/com.st.stm32cube.ide.mcu.externaltools.gnu-tools-for-stm32.11.3.rel1.win32_1.1.0.202305231506/tools/bin/../lib/gcc/arm-none-eabi/11.3.1/../../../../arm-none-eabi/lib/thumb/v7e-m+fp/hard\libc_nano.a(libc_a-closer.o)
                              E:/Programs/STM32 Cube IDE/STM32CubeIDE/plugins/com.st.stm32cube.ide.mcu.externaltools.gnu-tools-for-stm32.11.3.rel1.win32_1.1.0.202305231506/tools/bin/../lib/gcc/arm-none-eabi/11.3.1/../../../../arm-none-eabi/lib/thumb/v7e-m+fp/hard\libc_nano.a(libc_a-stdio.o) (_close_r)
E:/Programs/STM32 Cube IDE/STM32CubeIDE/plugins/com.st.stm32cube.ide.mcu.externaltools.gnu-tools-for-stm32.11.3.rel1.win32_1.1.0.202305231506/tools/bin/../lib/gcc/arm-none-eabi/11.3.1/../../../../arm-none-eabi/lib/thumb/v7e-m+fp/hard\libc_nano.a(libc_a-reent.o)
                              E:/Programs/STM32 Cube IDE/STM32CubeIDE/plugins/com.st.stm32cube.ide.mcu.externaltools.gnu-tools-for-stm32.11.3.rel1.win32_1.1.0.202305231506/tools/bin/../lib/gcc/arm-none-eabi/11.3.1/../../../../arm-none-eabi/lib/thumb/v7e-m+fp/hard\libc_nano.a(libc_a-closer.o) (errno)
E:/Programs/STM32 Cube IDE/STM32CubeIDE/plugins/com.st.stm32cube.ide.mcu.externaltools.gnu-tools-for-stm32.11.3.rel1.win32_1.1.0.202305231506/tools/bin/../lib/gcc/arm-none-eabi/11.3.1/../../../../arm-none-eabi/lib/thumb/v7e-m+fp/hard\libc_nano.a(libc_a-impure.o)
                              E:/Programs/STM32 Cube IDE/STM32CubeIDE/plugins/com.st.stm32cube.ide.mcu.externaltools.gnu-tools-for-stm32.11.3.rel1.win32_1.1.0.202305231506/tools/bin/../lib/gcc/arm-none-eabi/11.3.1/../../../../arm-none-eabi/lib/thumb/v7e-m+fp/hard\libc_nano.a(libc_a-reent.o) (_impure_ptr)
E:/Programs/STM32 Cube IDE/STM32CubeIDE/plugins/com.st.stm32cube.ide.mcu.externaltools.gnu-tools-for-stm32.11.3.rel1.win32_1.1.0.202305231506/tools/bin/../lib/gcc/arm-none-eabi/11.3.1/../../../../arm-none-eabi/lib/thumb/v7e-m+fp/hard\libc_nano.a(libc_a-lseekr.o)
[...]
Memory Configuration

Name             Origin             Length             Attributes
RAM              0x0000000020000000 0x0000000000020000 xrw
FLASH            0x0000000008000000 0x0000000000080000 xr
*default*        0x0000000000000000 0xffffffffffffffff

Linker script and memory map

LOAD E:/Programs/STM32 Cube IDE/STM32CubeIDE/plugins/com.st.stm32cube.ide.mcu.externaltools.gnu-tools-for-stm32.11.3.rel1.win32_1.1.0.202305231506/tools/bin/../lib/gcc/arm-none-eabi/11.3.1/thumb/v7e-m+fp/hard/crti.o
LOAD E:/Programs/STM32 Cube IDE/STM32CubeIDE/plugins/com.st.stm32cube.ide.mcu.externaltools.gnu-tools-for-stm32.11.3.rel1.win32_1.1.0.202305231506/tools/bin/../lib/gcc/arm-none-eabi/11.3.1/thumb/v7e-m+fp/hard/crtbegin.o
LOAD E:/Programs/STM32 Cube IDE/STM32CubeIDE/plugins/com.st.stm32cube.ide.mcu.externaltools.gnu-tools-for-stm32.11.3.rel1.win32_1.1.0.202305231506/tools/bin/../lib/gcc/arm-none-eabi/11.3.1/../../../../arm-none-eabi/lib/thumb/v7e-m+fp/hard/crt0.o
LOAD ./Core/Src/main.o
LOAD ./Core/Src/stm32f4xx_hal_msp.o
LOAD ./Core/Src/stm32f4xx_it.o
LOAD ./Core/Src/syscalls.o
LOAD ./Core/Src/sysmem.o
LOAD ./Core/Src/system_stm32f4xx.o
LOAD ./Core/Startup/startup_stm32f411retx.o
LOAD ./Drivers/STM32F4xx_HAL_Driver/Src/stm32f4xx_hal.o
LOAD ./Drivers/STM32F4xx_HAL_Driver/Src/stm32f4xx_hal_cortex.o
LOAD ./Drivers/STM32F4xx_HAL_Driver/Src/stm32f4xx_hal_dma.o
LOAD ./Drivers/STM32F4xx_HAL_Driver/Src/stm32f4xx_hal_dma_ex.o
LOAD ./Drivers/STM32F4xx_HAL_Driver/Src/stm32f4xx_hal_exti.o
LOAD ./Drivers/STM32F4xx_HAL_Driver/Src/stm32f4xx_hal_flash.o
LOAD ./Drivers/STM32F4xx_HAL_Driver/Src/stm32f4xx_hal_flash_ex.o
LOAD ./Drivers/STM32F4xx_HAL_Driver/Src/stm32f4xx_hal_flash_ramfunc.o
LOAD ./Drivers/STM32F4xx_HAL_Driver/Src/stm32f4xx_hal_gpio.o
LOAD ./Drivers/STM32F4xx_HAL_Driver/Src/stm32f4xx_hal_i2c.o
LOAD ./Drivers/STM32F4xx_HAL_Driver/Src/stm32f4xx_hal_i2c_ex.o
LOAD ./Drivers/STM32F4xx_HAL_Driver/Src/stm32f4xx_hal_pwr.o
LOAD ./Drivers/STM32F4xx_HAL_Driver/Src/stm32f4xx_hal_pwr_ex.o
LOAD ./Drivers/STM32F4xx_HAL_Driver/Src/stm32f4xx_hal_rcc.o
LOAD ./Drivers/STM32F4xx_HAL_Driver/Src/stm32f4xx_hal_rcc_ex.o
LOAD ./Drivers/STM32F4xx_HAL_Driver/Src/stm32f4xx_hal_tim.o
LOAD ./Drivers/STM32F4xx_HAL_Driver/Src/stm32f4xx_hal_tim_ex.o
LOAD ./Drivers/STM32F4xx_HAL_Driver/Src/stm32f4xx_hal_uart.o
LOAD ./Libraries/Src/gpio.o
LOAD ./Libraries/Src/hcsr04.o
LOAD ./Libraries/Src/i2c.o
LOAD ./Libraries/Src/mpu6050.o
LOAD ./Libraries/Src/tim.o
START GROUP
LOAD E:/Programs/STM32 Cube IDE/STM32CubeIDE/plugins/com.st.stm32cube.ide.mcu.externaltools.gnu-tools-for-stm32.11.3.rel1.win32_1.1.0.202305231506/tools/bin/../lib/gcc/arm-none-eabi/11.3.1/../../../../arm-none-eabi/lib/thumb/v7e-m+fp/hard\libc_nano.a
LOAD E:/Programs/STM32 Cube IDE/STM32CubeIDE/plugins/com.st.stm32cube.ide.mcu.externaltools.gnu-tools-for-stm32.11.3.rel1.win32_1.1.0.202305231506/tools/bin/../lib/gcc/arm-none-eabi/11.3.1/../../../../arm-none-eabi/lib/thumb/v7e-m+fp/hard\libm.a
END GROUP
START GROUP
LOAD E:/Programs/STM32 Cube IDE/STM32CubeIDE/plugins/com.st.stm32cube.ide.mcu.externaltools.gnu-tools-for-stm32.11.3.rel1.win32_1.1.0.202305231506/tools/bin/../lib/gcc/arm-none-eabi/11.3.1/thumb/v7e-m+fp/hard\libgcc.a
LOAD E:/Programs/STM32 Cube IDE/STM32CubeIDE/plugins/com.st.stm32cube.ide.mcu.externaltools.gnu-tools-for-stm32.11.3.rel1.win32_1.1.0.202305231506/tools/bin/../lib/gcc/arm-none-eabi/11.3.1/../../../../arm-none-eabi/lib/thumb/v7e-m+fp/hard\libc_nano.a
END GROUP
START GROUP
LOAD E:/Programs/STM32 Cube IDE/STM32CubeIDE/plugins/com.st.stm32cube.ide.mcu.externaltools.gnu-tools-for-stm32.11.3.rel1.win32_1.1.0.202305231506/tools/bin/../lib/gcc/arm-none-eabi/11.3.1/thumb/v7e-m+fp/hard\libgcc.a
LOAD E:/Programs/STM32 Cube IDE/STM32CubeIDE/plugins/com.st.stm32cube.ide.mcu.externaltools.gnu-tools-for-stm32.11.3.rel1.win32_1.1.0.202305231506/tools/bin/../lib/gcc/arm-none-eabi/11.3.1/../../../../arm-none-eabi/lib/thumb/v7e-m+fp/hard\libc_nano.a
LOAD E:/Programs/STM32 Cube IDE/STM32CubeIDE/plugins/com.st.stm32cube.ide.mcu.externaltools.gnu-tools-for-stm32.11.3.rel1.win32_1.1.0.202305231506/tools/bin/../lib/gcc/arm-none-eabi/11.3.1/../../../../arm-none-eabi/lib/thumb/v7e-m+fp/hard\libnosys.a
END GROUP
START GROUP
LOAD E:/Programs/STM32 Cube IDE/STM32CubeIDE/plugins/com.st.stm32cube.ide.mcu.externaltools.gnu-tools-for-stm32.11.3.rel1.win32_1.1.0.202305231506/tools/bin/../lib/gcc/arm-none-eabi/11.3.1/thumb/v7e-m+fp/hard\libgcc.a
LOAD E:/Programs/STM32 Cube IDE/STM32CubeIDE/plugins/com.st.stm32cube.ide.mcu.externaltools.gnu-tools-for-stm32.11.3.rel1.win32_1.1.0.202305231506/tools/bin/../lib/gcc/arm-none-eabi/11.3.1/../../../../arm-none-eabi/lib/thumb/v7e-m+fp/hard\libc_nano.a
LOAD E:/Programs/STM32 Cube IDE/STM32CubeIDE/plugins/com.st.stm32cube.ide.mcu.externaltools.gnu-tools-for-stm32.11.3.rel1.win32_1.1.0.202305231506/tools/bin/../lib/gcc/arm-none-eabi/11.3.1/../../../../arm-none-eabi/lib/thumb/v7e-m+fp/hard\libnosys.a
END GROUP
LOAD E:/Programs/STM32 Cube IDE/STM32CubeIDE/plugins/com.st.stm32cube.ide.mcu.externaltools.gnu-tools-for-stm32.11.3.rel1.win32_1.1.0.202305231506/tools/bin/../lib/gcc/arm-none-eabi/11.3.1/thumb/v7e-m+fp/hard/crtend.o
LOAD E:/Programs/STM32 Cube IDE/STM32CubeIDE/plugins/com.st.stm32cube.ide.mcu.externaltools.gnu-tools-for-stm32.11.3.rel1.win32_1.1.0.202305231506/tools/bin/../lib/gcc/arm-none-eabi/11.3.1/thumb/v7e-m+fp/hard/crtn.o
                0x0000000020020000                _estack = (ORIGIN (RAM) + LENGTH (RAM))
                0x0000000000000200                _Min_Heap_Size = 0x200
                0x0000000000000400                _Min_Stack_Size = 0x400

.isr_vector     0x0000000008000000      0x198
                0x0000000008000000                . = ALIGN (0x4)
 *(.isr_vector)
 .isr_vector    0x0000000008000000      0x198 ./Core/Startup/startup_stm32f411retx.o
                0x0000000008000000                g_pfnVectors
                0x0000000008000198                . = ALIGN (0x4)

.text           0x0000000008000198     0x4030
                0x0000000008000198                . = ALIGN (0x4)
 *(.text)
 .text          0x0000000008000198       0x40 E:/Programs/STM32 Cube IDE/STM32CubeIDE/plugins/com.st.stm32cube.ide.mcu.externaltools.gnu-tools-for-stm32.11.3.rel1.win32_1.1.0.202305231506/tools/bin/../lib/gcc/arm-none-eabi/11.3.1/thumb/v7e-m+fp/hard/crtbegin.o
 .text          0x00000000080001d8      0x378 E:/Programs/STM32 Cube IDE/STM32CubeIDE/plugins/com.st.stm32cube.ide.mcu.externaltools.gnu-tools-for-stm32.11.3.rel1.win32_1.1.0.202305231506/tools/bin/../lib/gcc/arm-none-eabi/11.3.1/thumb/v7e-m+fp/hard\libgcc.a(_arm_addsubdf3.o)
                0x00000000080001d8                __aeabi_drsub
                0x00000000080001e0                __aeabi_dsub
                0x00000000080001e0                __subdf3
                0x00000000080001e4                __aeabi_dadd
                0x00000000080001e4                __adddf3
                0x000000000800045c                __floatunsidf
                0x000000000800045c                __aeabi_ui2d
                0x000000000800047c                __floatsidf
                0x000000000800047c                __aeabi_i2d
                0x00000000080004a0                __aeabi_f2d
                0x00000000080004a0                __extendsfdf2
                0x00000000080004e4                __floatundidf
                0x00000000080004e4                __aeabi_ul2d
                0x00000000080004f4                __floatdidf
                0x00000000080004f4                __aeabi_l2d
 .text          0x0000000008000550      0x424 E:/Programs/STM32 Cube IDE/STM32CubeIDE/plugins/com.st.stm32cube.ide.mcu.externaltools.gnu-tools-for-stm32.11.3.rel1.win32_1.1.0.202305231506/tools/bin/../lib/gcc/arm-none-eabi/11.3.1/thumb/v7e-m+fp/hard\libgcc.a(_arm_muldivdf3.o)
                0x0000000008000550                __aeabi_dmul
                0x0000000008000550                __muldf3
                0x00000000080007a4                __divdf3
                0x00000000080007a4                __aeabi_ddiv
 .text          0x0000000008000974       0x40 E:/Programs/STM32 Cube IDE/STM32CubeIDE/plugins/com.st.stm32cube.ide.mcu.externaltools.gnu-tools-for-stm32.11.3.rel1.win32_1.1.0.202305231506/tools/bin/../lib/gcc/arm-none-eabi/11.3.1/thumb/v7e-m+fp/hard\libgcc.a(_arm_fixunsdfsi.o)
                0x0000000008000974                __aeabi_d2uiz
                0x0000000008000974                __fixunsdfsi
 .text          0x00000000080009b4       0x30 E:/Programs/STM32 Cube IDE/STM32CubeIDE/plugins/com.st.stm32cube.ide.mcu.externaltools.gnu-tools-for-stm32.11.3.rel1.win32_1.1.0.202305231506/tools/bin/../lib/gcc/arm-none-eabi/11.3.1/thumb/v7e-m+fp/hard\libgcc.a(_aeabi_uldivmod.o)
                0x00000000080009b4                __aeabi_uldivmod
 .text          0x00000000080009e4      0x2c8 E:/Programs/STM32 Cube IDE/STM32CubeIDE/plugins/com.st.stm32cube.ide.mcu.externaltools.gnu-tools-for-stm32.11.3.rel1.win32_1.1.0.202305231506/tools/bin/../lib/gcc/arm-none-eabi/11.3.1/thumb/v7e-m+fp/hard\libgcc.a(_udivmoddi4.o)
                0x00000000080009e4                __udivmoddi4
 .text          0x0000000008000cac        0x4 E:/Programs/STM32 Cube IDE/STM32CubeIDE/plugins/com.st.stm32cube.ide.mcu.externaltools.gnu-tools-for-stm32.11.3.rel1.win32_1.1.0.202305231506/tools/bin/../lib/gcc/arm-none-eabi/11.3.1/thumb/v7e-m+fp/hard\libgcc.a(_dvmd_tls.o)
                0x0000000008000cac                __aeabi_idiv0
                0x0000000008000cac                __aeabi_ldiv0
 *(.text*)
 .text.main     0x0000000008000cb0       0x28 ./Core/Src/main.o
                0x0000000008000cb0                main
 .text.PeripInit
                0x0000000008000cd8       0x20 ./Core/Src/main.o
                0x0000000008000cd8                PeripInit
 .text.SystemClock_Config
                0x0000000008000cf8       0x7a ./Core/Src/main.o
                0x0000000008000cf8                SystemClock_Config
 .text.HAL_TIM_IC_CaptureCallback
                0x0000000008000d72       0x16 ./Core/Src/main.o
                0x0000000008000d72                HAL_TIM_IC_CaptureCallback
 .text.HAL_MspInit
                0x0000000008000d88       0x6c ./Core/Src/stm32f4xx_hal_msp.o
                0x0000000008000d88                HAL_MspInit
 .text.HAL_I2C_MspInit
                0x0000000008000df4       0x64 ./Core/Src/stm32f4xx_hal_msp.o
                0x0000000008000df4                HAL_I2C_MspInit
 .text.HAL_TIM_Base_MspInit
                0x0000000008000e58       0xa0 ./Core/Src/stm32f4xx_hal_msp.o
                0x0000000008000e58                HAL_TIM_Base_MspInit
 .text.NMI_Handler
                0x0000000008000ef8        0x6 ./Core/Src/stm32f4xx_it.o
                0x0000000008000ef8                NMI_Handler
 .text.HardFault_Handler
                0x0000000008000efe        0x6 ./Core/Src/stm32f4xx_it.o
                0x0000000008000efe                HardFault_Handler
 .text.MemManage_Handler
                0x0000000008000f04        0x6 ./Core/Src/stm32f4xx_it.o
                0x0000000008000f04                MemManage_Handler
 .text.BusFault_Handler
                0x0000000008000f0a        0x6 ./Core/Src/stm32f4xx_it.o
                0x0000000008000f0a                BusFault_Handler
 .text.UsageFault_Handler
                0x0000000008000f10        0x6 ./Core/Src/stm32f4xx_it.o
                0x0000000008000f10                UsageFault_Handler
 .text.SVC_Handler
                0x0000000008000f16        0xe ./Core/Src/stm32f4xx_it.o
                0x0000000008000f16                SVC_Handler
 .text.DebugMon_Handler
                0x0000000008000f24        0xe ./Core/Src/stm32f4xx_it.o
                0x0000000008000f24                DebugMon_Handler
 .text.PendSV_Handler
                0x0000000008000f32        0xe ./Core/Src/stm32f4xx_it.o
                0x0000000008000f32                PendSV_Handler
 .text.SysTick_Handler
                0x0000000008000f40       0x14 ./Core/Src/stm32f4xx_it.o
                0x0000000008000f40                SysTick_Handler
 .text.TIM1_CC_IRQHandler
                0x0000000008000f54       0x14 ./Core/Src/stm32f4xx_it.o
                0x0000000008000f54                TIM1_CC_IRQHandler
 .text.SystemInit
                0x0000000008000f68       0x24 ./Core/Src/system_stm32f4xx.o
                0x0000000008000f68                SystemInit
 .text.Reset_Handler
                0x0000000008000f8c       0x50 ./Core/Startup/startup_stm32f411retx.o
                0x0000000008000f8c                Reset_Handler
 .text.Default_Handler
                0x0000000008000fdc        0x2 ./Core/Startup/startup_stm32f411retx.o
                0x0000000008000fdc                RTC_Alarm_IRQHandler
                0x0000000008000fdc                EXTI2_IRQHandler
                0x0000000008000fdc                SPI4_IRQHandler
                0x0000000008000fdc                DMA2_Stream5_IRQHandler
                0x0000000008000fdc                DMA1_Stream5_IRQHandler
                0x0000000008000fdc                PVD_IRQHandler
                0x0000000008000fdc                SDIO_IRQHandler
                0x0000000008000fdc                TAMP_STAMP_IRQHandler
                0x0000000008000fdc                EXTI3_IRQHandler
                0x0000000008000fdc                TIM1_UP_TIM10_IRQHandler
                0x0000000008000fdc                I2C3_ER_IRQHandler
                0x0000000008000fdc                EXTI0_IRQHandler
                0x0000000008000fdc                I2C2_EV_IRQHandler
                0x0000000008000fdc                DMA1_Stream2_IRQHandler
                0x0000000008000fdc                DMA2_Stream2_IRQHandler
                0x0000000008000fdc                SPI1_IRQHandler
                0x0000000008000fdc                TIM1_BRK_TIM9_IRQHandler
                0x0000000008000fdc                DMA2_Stream3_IRQHandler
                0x0000000008000fdc                USART6_IRQHandler
                0x0000000008000fdc                DMA2_Stream0_IRQHandler
                0x0000000008000fdc                TIM4_IRQHandler
                0x0000000008000fdc                I2C1_EV_IRQHandler
                0x0000000008000fdc                DMA1_Stream6_IRQHandler
                0x0000000008000fdc                DMA1_Stream1_IRQHandler
                0x0000000008000fdc                TIM3_IRQHandler
                0x0000000008000fdc                RCC_IRQHandler
                0x0000000008000fdc                Default_Handler
                0x0000000008000fdc                EXTI15_10_IRQHandler
                0x0000000008000fdc                ADC_IRQHandler
                0x0000000008000fdc                DMA1_Stream7_IRQHandler
                0x0000000008000fdc                SPI5_IRQHandler
                0x0000000008000fdc                TIM5_IRQHandler
                0x0000000008000fdc                DMA2_Stream7_IRQHandler
                0x0000000008000fdc                I2C3_EV_IRQHandler
                0x0000000008000fdc                EXTI9_5_IRQHandler
                0x0000000008000fdc                RTC_WKUP_IRQHandler
                0x0000000008000fdc                SPI2_IRQHandler
                0x0000000008000fdc                DMA1_Stream0_IRQHandler
                0x0000000008000fdc                EXTI4_IRQHandler
                0x0000000008000fdc                WWDG_IRQHandler
                0x0000000008000fdc                TIM2_IRQHandler
                0x0000000008000fdc                OTG_FS_WKUP_IRQHandler
                0x0000000008000fdc                TIM1_TRG_COM_TIM11_IRQHandler
                0x0000000008000fdc                EXTI1_IRQHandler
                0x0000000008000fdc                USART2_IRQHandler
                0x0000000008000fdc                I2C2_ER_IRQHandler
                0x0000000008000fdc                DMA2_Stream1_IRQHandler
                0x0000000008000fdc                FLASH_IRQHandler
                0x0000000008000fdc                DMA2_Stream4_IRQHandler
                0x0000000008000fdc                USART1_IRQHandler
                0x0000000008000fdc                OTG_FS_IRQHandler
                0x0000000008000fdc                SPI3_IRQHandler
                0x0000000008000fdc                DMA1_Stream4_IRQHandler
                0x0000000008000fdc                I2C1_ER_IRQHandler
                0x0000000008000fdc                DMA2_Stream6_IRQHandler
                0x0000000008000fdc                DMA1_Stream3_IRQHandler
 *fill*         0x0000000008000fde        0x2 
 .text.HAL_Init
                0x0000000008000fe0       0x44 ./Drivers/STM32F4xx_HAL_Driver/Src/stm32f4xx_hal.o
                0x0000000008000fe0                HAL_Init
 .text.HAL_InitTick
                0x0000000008001024       0x60 ./Drivers/STM32F4xx_HAL_Driver/Src/stm32f4xx_hal.o
                0x0000000008001024                HAL_InitTick
 .text.HAL_IncTick
                0x0000000008001084       0x28 ./Drivers/STM32F4xx_HAL_Driver/Src/stm32f4xx_hal.o
                0x0000000008001084                HAL_IncTick
 .text.HAL_GetTick
                0x00000000080010ac       0x18 ./Drivers/STM32F4xx_HAL_Driver/Src/stm32f4xx_hal.o
                0x00000000080010ac                HAL_GetTick
 .text.HAL_Delay
                0x00000000080010c4       0x48 ./Drivers/STM32F4xx_HAL_Driver/Src/stm32f4xx_hal.o
                0x00000000080010c4                HAL_Delay
 .text.__NVIC_SetPriorityGrouping
                0x000000000800110c       0x48 ./Drivers/STM32F4xx_HAL_Driver/Src/stm32f4xx_hal_cortex.o
 .text.__NVIC_GetPriorityGrouping
                0x0000000008001154       0x1c ./Drivers/STM32F4xx_HAL_Driver/Src/stm32f4xx_hal_cortex.o
 .text.__NVIC_EnableIRQ
                0x0000000008001170       0x3c ./Drivers/STM32F4xx_HAL_Driver/Src/stm32f4xx_hal_cortex.o
 .text.__NVIC_SetPriority
                0x00000000080011ac       0x54 ./Drivers/STM32F4xx_HAL_Driver/Src/stm32f4xx_hal_cortex.o
 .text.NVIC_EncodePriority
                0x0000000008001200       0x66 ./Drivers/STM32F4xx_HAL_Driver/Src/stm32f4xx_hal_cortex.o
 *fill*         0x0000000008001266        0x2 
 .text.SysTick_Config
                0x0000000008001268       0x44 ./Drivers/STM32F4xx_HAL_Driver/Src/stm32f4xx_hal_cortex.o
 .text.HAL_NVIC_SetPriorityGrouping
                0x00000000080012ac       0x16 ./Drivers/STM32F4xx_HAL_Driver/Src/stm32f4xx_hal_cortex.o
                0x00000000080012ac                HAL_NVIC_SetPriorityGrouping
 .text.HAL_NVIC_SetPriority
                0x00000000080012c2       0x38 ./Drivers/STM32F4xx_HAL_Driver/Src/stm32f4xx_hal_cortex.o
                0x00000000080012c2                HAL_NVIC_SetPriority
 .text.HAL_NVIC_EnableIRQ
                0x00000000080012fa       0x1c ./Drivers/STM32F4xx_HAL_Driver/Src/stm32f4xx_hal_cortex.o
                0x00000000080012fa                HAL_NVIC_EnableIRQ
 .text.HAL_SYSTICK_Config
                0x0000000008001316       0x18 ./Drivers/STM32F4xx_HAL_Driver/Src/stm32f4xx_hal_cortex.o
                0x0000000008001316                HAL_SYSTICK_Config
 .text.HAL_SYSTICK_IRQHandler
                0x000000000800132e        0xc ./Drivers/STM32F4xx_HAL_Driver/Src/stm32f4xx_hal_cortex.o
                0x000000000800132e                HAL_SYSTICK_IRQHandler
 .text.HAL_SYSTICK_Callback
                0x000000000800133a        0xe ./Drivers/STM32F4xx_HAL_Driver/Src/stm32f4xx_hal_cortex.o
                0x000000000800133a                HAL_SYSTICK_Callback
 .text.HAL_GPIO_Init
                0x0000000008001348      0x308 ./Drivers/STM32F4xx_HAL_Driver/Src/stm32f4xx_hal_gpio.o
                0x0000000008001348                HAL_GPIO_Init
 .text.HAL_GPIO_WritePin
                0x0000000008001650       0x32 ./Drivers/STM32F4xx_HAL_Driver/Src/stm32f4xx_hal_gpio.o
                0x0000000008001650                HAL_GPIO_WritePin
 *fill*         0x0000000008001682        0x2 
 .text.HAL_I2C_Init
                0x0000000008001684      0x288 ./Drivers/STM32F4xx_HAL_Driver/Src/stm32f4xx_hal_i2c.o
                0x0000000008001684                HAL_I2C_Init
 .text.HAL_I2C_Mem_Write
                0x000000000800190c      0x1f4 ./Drivers/STM32F4xx_HAL_Driver/Src/stm32f4xx_hal_i2c.o
                0x000000000800190c                HAL_I2C_Mem_Write
 .text.HAL_I2C_Mem_Read
                0x0000000008001b00      0x44c ./Drivers/STM32F4xx_HAL_Driver/Src/stm32f4xx_hal_i2c.o
                0x0000000008001b00                HAL_I2C_Mem_Read
 .text.I2C_RequestMemoryWrite
                0x0000000008001f4c      0x12c ./Drivers/STM32F4xx_HAL_Driver/Src/stm32f4xx_hal_i2c.o
 .text.I2C_RequestMemoryRead
                0x0000000008002078      0x1d0 ./Drivers/STM32F4xx_HAL_Driver/Src/stm32f4xx_hal_i2c.o
 .text.I2C_WaitOnFlagUntilTimeout
                0x0000000008002248       0xae ./Drivers/STM32F4xx_HAL_Driver/Src/stm32f4xx_hal_i2c.o
 .text.I2C_WaitOnMasterAddressFlagUntilTimeout
                0x00000000080022f6       0xfe ./Drivers/STM32F4xx_HAL_Driver/Src/stm32f4xx_hal_i2c.o
 .text.I2C_WaitOnTXEFlagUntilTimeout
                0x00000000080023f4       0x82 ./Drivers/STM32F4xx_HAL_Driver/Src/stm32f4xx_hal_i2c.o
 .text.I2C_WaitOnBTFFlagUntilTimeout
                0x0000000008002476       0x82 ./Drivers/STM32F4xx_HAL_Driver/Src/stm32f4xx_hal_i2c.o
 .text.I2C_WaitOnRXNEFlagUntilTimeout
                0x00000000080024f8       0xac ./Drivers/STM32F4xx_HAL_Driver/Src/stm32f4xx_hal_i2c.o
 .text.I2C_IsAcknowledgeFailed
                0x00000000080025a4       0x5e ./Drivers/STM32F4xx_HAL_Driver/Src/stm32f4xx_hal_i2c.o
 *fill*         0x0000000008002602        0x2 
 .text.HAL_RCC_OscConfig
                0x0000000008002604      0x4f0 ./Drivers/STM32F4xx_HAL_Driver/Src/stm32f4xx_hal_rcc.o
                0x0000000008002604                HAL_RCC_OscConfig
 .text.HAL_RCC_ClockConfig
                0x0000000008002af4      0x1cc ./Drivers/STM32F4xx_HAL_Driver/Src/stm32f4xx_hal_rcc.o
                0x0000000008002af4                HAL_RCC_ClockConfig
 .text.HAL_RCC_GetSysClockFreq
                0x0000000008002cc0      0x18c ./Drivers/STM32F4xx_HAL_Driver/Src/stm32f4xx_hal_rcc.o
                0x0000000008002cc0                HAL_RCC_GetSysClockFreq
 .text.HAL_RCC_GetHCLKFreq
                0x0000000008002e4c       0x18 ./Drivers/STM32F4xx_HAL_Driver/Src/stm32f4xx_hal_rcc.o
                0x0000000008002e4c                HAL_RCC_GetHCLKFreq
 .text.HAL_RCC_GetPCLK1Freq
                0x0000000008002e64       0x28 ./Drivers/STM32F4xx_HAL_Driver/Src/stm32f4xx_hal_rcc.o
                0x0000000008002e64                HAL_RCC_GetPCLK1Freq
 .text.HAL_TIM_Base_Init
                0x0000000008002e8c       0x9e ./Drivers/STM32F4xx_HAL_Driver/Src/stm32f4xx_hal_tim.o
                0x0000000008002e8c                HAL_TIM_Base_Init
 .text.HAL_TIM_IC_Init
                0x0000000008002f2a       0x9e ./Drivers/STM32F4xx_HAL_Driver/Src/stm32f4xx_hal_tim.o
                0x0000000008002f2a                HAL_TIM_IC_Init
 .text.HAL_TIM_IC_MspInit
                0x0000000008002fc8       0x14 ./Drivers/STM32F4xx_HAL_Driver/Src/stm32f4xx_hal_tim.o
                0x0000000008002fc8                HAL_TIM_IC_MspInit
 .text.HAL_TIM_IC_Start_IT
                0x0000000008002fdc      0x234 ./Drivers/STM32F4xx_HAL_Driver/Src/stm32f4xx_hal_tim.o
                0x0000000008002fdc                HAL_TIM_IC_Start_IT
 .text.HAL_TIM_IRQHandler
                0x0000000008003210      0x210 ./Drivers/STM32F4xx_HAL_Driver/Src/stm32f4xx_hal_tim.o
                0x0000000008003210                HAL_TIM_IRQHandler
 .text.HAL_TIM_IC_ConfigChannel
                0x0000000008003420      0x138 ./Drivers/STM32F4xx_HAL_Driver/Src/stm32f4xx_hal_tim.o
                0x0000000008003420                HAL_TIM_IC_ConfigChannel
 .text.HAL_TIM_ConfigClockSource
                0x0000000008003558      0x18e ./Drivers/STM32F4xx_HAL_Driver/Src/stm32f4xx_hal_tim.o
                0x0000000008003558                HAL_TIM_ConfigClockSource
 *fill*         0x00000000080036e6        0x2 
 .text.HAL_TIM_ReadCapturedValue
                0x00000000080036e8       0x88 ./Drivers/STM32F4xx_HAL_Driver/Src/stm32f4xx_hal_tim.o
                0x00000000080036e8                HAL_TIM_ReadCapturedValue
 .text.HAL_TIM_PeriodElapsedCallback
                0x0000000008003770       0x14 ./Drivers/STM32F4xx_HAL_Driver/Src/stm32f4xx_hal_tim.o
                0x0000000008003770                HAL_TIM_PeriodElapsedCallback
 .text.HAL_TIM_OC_DelayElapsedCallback
                0x0000000008003784       0x14 ./Drivers/STM32F4xx_HAL_Driver/Src/stm32f4xx_hal_tim.o
                0x0000000008003784                HAL_TIM_OC_DelayElapsedCallback
 .text.HAL_TIM_PWM_PulseFinishedCallback
                0x0000000008003798       0x14 ./Drivers/STM32F4xx_HAL_Driver/Src/stm32f4xx_hal_tim.o
                0x0000000008003798                HAL_TIM_PWM_PulseFinishedCallback
 .text.HAL_TIM_TriggerCallback
                0x00000000080037ac       0x14 ./Drivers/STM32F4xx_HAL_Driver/Src/stm32f4xx_hal_tim.o
                0x00000000080037ac                HAL_TIM_TriggerCallback
 .text.TIM_Base_SetConfig
                0x00000000080037c0      0x100 ./Drivers/STM32F4xx_HAL_Driver/Src/stm32f4xx_hal_tim.o
                0x00000000080037c0                TIM_Base_SetConfig
 .text.TIM_TI1_SetConfig
                0x00000000080038c0       0xd0 ./Drivers/STM32F4xx_HAL_Driver/Src/stm32f4xx_hal_tim.o
                0x00000000080038c0                TIM_TI1_SetConfig
 .text.TIM_TI1_ConfigInputStage
                0x0000000008003990       0x5e ./Drivers/STM32F4xx_HAL_Driver/Src/stm32f4xx_hal_tim.o
 .text.TIM_TI2_SetConfig
                0x00000000080039ee       0x7a ./Drivers/STM32F4xx_HAL_Driver/Src/stm32f4xx_hal_tim.o
 .text.TIM_TI2_ConfigInputStage
                0x0000000008003a68       0x60 ./Drivers/STM32F4xx_HAL_Driver/Src/stm32f4xx_hal_tim.o
 .text.TIM_TI3_SetConfig
                0x0000000008003ac8       0x78 ./Drivers/STM32F4xx_HAL_Driver/Src/stm32f4xx_hal_tim.o
 .text.TIM_TI4_SetConfig
                0x0000000008003b40       0x7a ./Drivers/STM32F4xx_HAL_Driver/Src/stm32f4xx_hal_tim.o
 .text.TIM_ITRx_SetConfig
                0x0000000008003bba       0x36 ./Drivers/STM32F4xx_HAL_Driver/Src/stm32f4xx_hal_tim.o
 .text.TIM_ETR_SetConfig
                0x0000000008003bf0       0x40 ./Drivers/STM32F4xx_HAL_Driver/Src/stm32f4xx_hal_tim.o
                0x0000000008003bf0                TIM_ETR_SetConfig
 .text.TIM_CCxChannelCmd
                0x0000000008003c30       0x4a ./Drivers/STM32F4xx_HAL_Driver/Src/stm32f4xx_hal_tim.o
                0x0000000008003c30                TIM_CCxChannelCmd
 *fill*         0x0000000008003c7a        0x2 
 .text.HAL_TIMEx_MasterConfigSynchronization
                0x0000000008003c7c       0xdc ./Drivers/STM32F4xx_HAL_Driver/Src/stm32f4xx_hal_tim_ex.o
                0x0000000008003c7c                HAL_TIMEx_MasterConfigSynchronization
 .text.HAL_TIMEx_CommutCallback
                0x0000000008003d58       0x14 ./Drivers/STM32F4xx_HAL_Driver/Src/stm32f4xx_hal_tim_ex.o
                0x0000000008003d58                HAL_TIMEx_CommutCallback
 .text.HAL_TIMEx_BreakCallback
                0x0000000008003d6c       0x14 ./Drivers/STM32F4xx_HAL_Driver/Src/stm32f4xx_hal_tim_ex.o
                0x0000000008003d6c                HAL_TIMEx_BreakCallback
 .text.GPIO_Init
                0x0000000008003d80       0x98 ./Libraries/Src/gpio.o
                0x0000000008003d80                GPIO_Init
 .text.HCSR04_Distance
                0x0000000008003e18      0x148 ./Libraries/Src/hcsr04.o
                0x0000000008003e18                HCSR04_Distance
 .text.HCSR04_Read
                0x0000000008003f60       0x40 ./Libraries/Src/hcsr04.o
                0x0000000008003f60                HCSR04_Read
 .text.I2C1_Init
                0x0000000008003fa0       0x54 ./Libraries/Src/i2c.o
                0x0000000008003fa0                I2C1_Init
 .text.MPU6050_Init
                0x0000000008003ff4       0xa8 ./Libraries/Src/mpu6050.o
                0x0000000008003ff4                MPU6050_Init
 .text.TIM1_Init
                0x000000000800409c       0xbc ./Libraries/Src/tim.o
                0x000000000800409c                TIM1_Init
 .text.memset   0x0000000008004158       0x10 E:/Programs/STM32 Cube IDE/STM32CubeIDE/plugins/com.st.stm32cube.ide.mcu.externaltools.gnu-tools-for-stm32.11.3.rel1.win32_1.1.0.202305231506/tools/bin/../lib/gcc/arm-none-eabi/11.3.1/../../../../arm-none-eabi/lib/thumb/v7e-m+fp/hard\libc_nano.a(libc_a-memset.o)
                0x0000000008004158                memset
 .text.__libc_init_array
                0x0000000008004168       0x48 E:/Programs/STM32 Cube IDE/STM32CubeIDE/plugins/com.st.stm32cube.ide.mcu.externaltools.gnu-tools-for-stm32.11.3.rel1.win32_1.1.0.202305231506/tools/bin/../lib/gcc/arm-none-eabi/11.3.1/../../../../arm-none-eabi/lib/thumb/v7e-m+fp/hard\libc_nano.a(libc_a-init.o)
                0x0000000008004168                __libc_init_array
 *(.glue_7)
 .glue_7        0x00000000080041b0        0x0 linker stubs
 *(.glue_7t)
 .glue_7t       0x00000000080041b0        0x0 linker stubs
 *(.eh_frame)
 .eh_frame      0x00000000080041b0        0x0 E:/Programs/STM32 Cube IDE/STM32CubeIDE/plugins/com.st.stm32cube.ide.mcu.externaltools.gnu-tools-for-stm32.11.3.rel1.win32_1.1.0.202305231506/tools/bin/../lib/gcc/arm-none-eabi/11.3.1/thumb/v7e-m+fp/hard/crtbegin.o
 *(.init)
 .init          0x00000000080041b0        0x4 E:/Programs/STM32 Cube IDE/STM32CubeIDE/plugins/com.st.stm32cube.ide.mcu.externaltools.gnu-tools-for-stm32.11.3.rel1.win32_1.1.0.202305231506/tools/bin/../lib/gcc/arm-none-eabi/11.3.1/thumb/v7e-m+fp/hard/crti.o
                0x00000000080041b0                _init
 .init          0x00000000080041b4        0x8 E:/Programs/STM32 Cube IDE/STM32CubeIDE/plugins/com.st.stm32cube.ide.mcu.externaltools.gnu-tools-for-stm32.11.3.rel1.win32_1.1.0.202305231506/tools/bin/../lib/gcc/arm-none-eabi/11.3.1/thumb/v7e-m+fp/hard/crtn.o
 *(.fini)
 .fini          0x00000000080041bc        0x4 E:/Programs/STM32 Cube IDE/STM32CubeIDE/plugins/com.st.stm32cube.ide.mcu.externaltools.gnu-tools-for-stm32.11.3.rel1.win32_1.1.0.202305231506/tools/bin/../lib/gcc/arm-none-eabi/11.3.1/thumb/v7e-m+fp/hard/crti.o
                0x00000000080041bc                _fini
 .fini          0x00000000080041c0        0x8 E:/Programs/STM32 Cube IDE/STM32CubeIDE/plugins/com.st.stm32cube.ide.mcu.externaltools.gnu-tools-for-stm32.11.3.rel1.win32_1.1.0.202305231506/tools/bin/../lib/gcc/arm-none-eabi/11.3.1/thumb/v7e-m+fp/hard/crtn.o
                0x00000000080041c8                . = ALIGN (0x4)
                0x00000000080041c8                _etext = .

.vfp11_veneer   0x00000000080041c8        0x0
 .vfp11_veneer  0x00000000080041c8        0x0 linker stubs

.v4_bx          0x00000000080041c8        0x0
 .v4_bx         0x00000000080041c8        0x0 linker stubs

.iplt           0x00000000080041c8        0x0
 .iplt          0x00000000080041c8        0x0 E:/Programs/STM32 Cube IDE/STM32CubeIDE/plugins/com.st.stm32cube.ide.mcu.externaltools.gnu-tools-for-stm32.11.3.rel1.win32_1.1.0.202305231506/tools/bin/../lib/gcc/arm-none-eabi/11.3.1/thumb/v7e-m+fp/hard/crtbegin.o

.rodata         0x00000000080041c8       0x18
                0x00000000080041c8                . = ALIGN (0x4)
 *(.rodata)
 *(.rodata*)
 .rodata.AHBPrescTable
                0x00000000080041c8       0x10 ./Core/Src/system_stm32f4xx.o
                0x00000000080041c8                AHBPrescTable
 .rodata.APBPrescTable
                0x00000000080041d8        0x8 ./Core/Src/system_stm32f4xx.o
                0x00000000080041d8                APBPrescTable
                0x00000000080041e0                . = ALIGN (0x4)

.ARM.extab      0x00000000080041e0        0x0
                0x00000000080041e0                . = ALIGN (0x4)
 *(.ARM.extab* .gnu.linkonce.armextab.*)
                0x00000000080041e0                . = ALIGN (0x4)

.ARM            0x00000000080041e0        0x8
                0x00000000080041e0                . = ALIGN (0x4)
                0x00000000080041e0                __exidx_start = .
 *(.ARM.exidx*)
 .ARM.exidx     0x00000000080041e0        0x8 E:/Programs/STM32 Cube IDE/STM32CubeIDE/plugins/com.st.stm32cube.ide.mcu.externaltools.gnu-tools-for-stm32.11.3.rel1.win32_1.1.0.202305231506/tools/bin/../lib/gcc/arm-none-eabi/11.3.1/thumb/v7e-m+fp/hard\libgcc.a(_udivmoddi4.o)
                0x00000000080041e8                __exidx_end = .
                0x00000000080041e8                . = ALIGN (0x4)

.rel.dyn        0x00000000080041e8        0x0
 .rel.iplt      0x00000000080041e8        0x0 E:/Programs/STM32 Cube IDE/STM32CubeIDE/plugins/com.st.stm32cube.ide.mcu.externaltools.gnu-tools-for-stm32.11.3.rel1.win32_1.1.0.202305231506/tools/bin/../lib/gcc/arm-none-eabi/11.3.1/thumb/v7e-m+fp/hard/crtbegin.o

.preinit_array  0x00000000080041e8        0x0
                0x00000000080041e8                . = ALIGN (0x4)
                0x00000000080041e8                PROVIDE (__preinit_array_start = .)
 *(.preinit_array*)
                0x00000000080041e8                PROVIDE (__preinit_array_end = .)
                0x00000000080041e8                . = ALIGN (0x4)

.init_array     0x00000000080041e8        0x4
                0x00000000080041e8                . = ALIGN (0x4)
                0x00000000080041e8                PROVIDE (__init_array_start = .)
 *(SORT_BY_NAME(.init_array.*))
 *(.init_array*)
 .init_array    0x00000000080041e8        0x4 E:/Programs/STM32 Cube IDE/STM32CubeIDE/plugins/com.st.stm32cube.ide.mcu.externaltools.gnu-tools-for-stm32.11.3.rel1.win32_1.1.0.202305231506/tools/bin/../lib/gcc/arm-none-eabi/11.3.1/thumb/v7e-m+fp/hard/crtbegin.o
                0x00000000080041ec                PROVIDE (__init_array_end = .)
                0x00000000080041ec                . = ALIGN (0x4)

.fini_array     0x00000000080041ec        0x4
                0x00000000080041ec                . = ALIGN (0x4)
                [!provide]                        PROVIDE (__fini_array_start = .)
 *(SORT_BY_NAME(.fini_array.*))
 *(.fini_array*)
 .fini_array    0x00000000080041ec        0x4 E:/Programs/STM32 Cube IDE/STM32CubeIDE/plugins/com.st.stm32cube.ide.mcu.externaltools.gnu-tools-for-stm32.11.3.rel1.win32_1.1.0.202305231506/tools/bin/../lib/gcc/arm-none-eabi/11.3.1/thumb/v7e-m+fp/hard/crtbegin.o
                [!provide]                        PROVIDE (__fini_array_end = .)
                0x00000000080041f0                . = ALIGN (0x4)
                0x00000000080041f0                _sidata = LOADADDR (.data)

.data           0x0000000020000000        0xc load address 0x00000000080041f0
                0x0000000020000000                . = ALIGN (0x4)
                0x0000000020000000                _sdata = .
 *(.data)
 *(.data*)
 .data.SystemCoreClock
                0x0000000020000000        0x4 ./Core/Src/system_stm32f4xx.o
                0x0000000020000000                SystemCoreClock
 .data.uwTickPrio
                0x0000000020000004        0x4 ./Drivers/STM32F4xx_HAL_Driver/Src/stm32f4xx_hal.o
                0x0000000020000004                uwTickPrio
 .data.uwTickFreq
                0x0000000020000008        0x1 ./Drivers/STM32F4xx_HAL_Driver/Src/stm32f4xx_hal.o
                0x0000000020000008                uwTickFreq
 *(.RamFunc)
 *(.RamFunc*)
                0x000000002000000c                . = ALIGN (0x4)
 *fill*         0x0000000020000009        0x3 
                0x000000002000000c                _edata = .

.igot.plt       0x000000002000000c        0x0 load address 0x00000000080041fc
 .igot.plt      0x000000002000000c        0x0 E:/Programs/STM32 Cube IDE/STM32CubeIDE/plugins/com.st.stm32cube.ide.mcu.externaltools.gnu-tools-for-stm32.11.3.rel1.win32_1.1.0.202305231506/tools/bin/../lib/gcc/arm-none-eabi/11.3.1/thumb/v7e-m+fp/hard/crtbegin.o
                0x000000002000000c                . = ALIGN (0x4)

.bss            0x000000002000000c       0xc8 load address 0x00000000080041fc
                0x000000002000000c                _sbss = .
                0x000000002000000c                __bss_start__ = _sbss
 *(.bss)
 .bss           0x000000002000000c       0x1c E:/Programs/STM32 Cube IDE/STM32CubeIDE/plugins/com.st.stm32cube.ide.mcu.externaltools.gnu-tools-for-stm32.11.3.rel1.win32_1.1.0.202305231506/tools/bin/../lib/gcc/arm-none-eabi/11.3.1/thumb/v7e-m+fp/hard/crtbegin.o
 *(.bss*)
 .bss.uwTick    0x0000000020000028        0x4 ./Drivers/STM32F4xx_HAL_Driver/Src/stm32f4xx_hal.o
                0x0000000020000028                uwTick
 .bss.IC_Val1   0x000000002000002c        0x2 ./Libraries/Src/hcsr04.o
                0x000000002000002c                IC_Val1
 .bss.IC_Val2   0x000000002000002e        0x2 ./Libraries/Src/hcsr04.o
                0x000000002000002e                IC_Val2
 .bss.IC_Diff   0x0000000020000030        0x2 ./Libraries/Src/hcsr04.o
                0x0000000020000030                IC_Diff
 .bss.Pol_Flg   0x0000000020000032        0x1 ./Libraries/Src/hcsr04.o
                0x0000000020000032                Pol_Flg
 .bss.Distance  0x0000000020000033        0x1 ./Libraries/Src/hcsr04.o
                0x0000000020000033                Distance
 .bss.hi2c1     0x0000000020000034       0x54 ./Libraries/Src/i2c.o
                0x0000000020000034                hi2c1
 .bss.check     0x0000000020000088        0x1 ./Libraries/Src/mpu6050.o
                0x0000000020000088                check
 .bss.data      0x0000000020000089        0x1 ./Libraries/Src/mpu6050.o
                0x0000000020000089                data
 *fill*         0x000000002000008a        0x2 
 .bss.htim1     0x000000002000008c       0x48 ./Libraries/Src/tim.o
                0x000000002000008c                htim1
 *(COMMON)
                0x00000000200000d4                . = ALIGN (0x4)
                0x00000000200000d4                _ebss = .
                0x00000000200000d4                __bss_end__ = _ebss

._user_heap_stack
                0x00000000200000d4      0x604 load address 0x00000000080041fc
                0x00000000200000d8                . = ALIGN (0x8)
 *fill*         0x00000000200000d4        0x4 
                [!provide]                        PROVIDE (end = .)
                0x00000000200000d8                PROVIDE (_end = .)
                0x00000000200002d8                . = (. + _Min_Heap_Size)
 *fill*         0x00000000200000d8      0x200 
                0x00000000200006d8                . = (. + _Min_Stack_Size)
 *fill*         0x00000000200002d8      0x400 
                0x00000000200006d8                . = ALIGN (0x8)

/DISCARD/
 libc.a(*)
 libm.a(*)
 libgcc.a(*)

.ARM.attributes
                0x0000000000000000       0x30
 *(.ARM.attributes)
 .ARM.attributes
                0x0000000000000000       0x1e E:/Programs/STM32 Cube IDE/STM32CubeIDE/plugins/com.st.stm32cube.ide.mcu.externaltools.gnu-tools-for-stm32.11.3.rel1.win32_1.1.0.202305231506/tools/bin/../lib/gcc/arm-none-eabi/11.3.1/thumb/v7e-m+fp/hard/crti.o
 .ARM.attributes
                0x000000000000001e       0x34 E:/Programs/STM32 Cube IDE/STM32CubeIDE/plugins/com.st.stm32cube.ide.mcu.externaltools.gnu-tools-for-stm32.11.3.rel1.win32_1.1.0.202305231506/tools/bin/../lib/gcc/arm-none-eabi/11.3.1/thumb/v7e-m+fp/hard/crtbegin.o
 .ARM.attributes
                0x0000000000000052       0x34 ./Core/Src/main.o
 .ARM.attributes
                0x0000000000000086       0x34 ./Core/Src/stm32f4xx_hal_msp.o
 .ARM.attributes
                0x00000000000000ba       0x34 ./Core/Src/stm32f4xx_it.o
 .ARM.attributes
                0x00000000000000ee       0x34 ./Core/Src/system_stm32f4xx.o
 .ARM.attributes
                0x0000000000000122       0x21 ./Core/Startup/startup_stm32f411retx.o
 .ARM.attributes
                0x0000000000000143       0x34 ./Drivers/STM32F4xx_HAL_Driver/Src/stm32f4xx_hal.o
 .ARM.attributes
                0x0000000000000177       0x34 ./Drivers/STM32F4xx_HAL_Driver/Src/stm32f4xx_hal_cortex.o
 .ARM.attributes
                0x00000000000001ab       0x34 ./Drivers/STM32F4xx_HAL_Driver/Src/stm32f4xx_hal_gpio.o
 .ARM.attributes
                0x00000000000001df       0x34 ./Drivers/STM32F4xx_HAL_Driver/Src/stm32f4xx_hal_i2c.o
 .ARM.attributes
                0x0000000000000213       0x34 ./Drivers/STM32F4xx_HAL_Driver/Src/stm32f4xx_hal_rcc.o
 .ARM.attributes
                0x0000000000000247       0x34 ./Drivers/STM32F4xx_HAL_Driver/Src/stm32f4xx_hal_tim.o
 .ARM.attributes
                0x000000000000027b       0x34 ./Drivers/STM32F4xx_HAL_Driver/Src/stm32f4xx_hal_tim_ex.o
 .ARM.attributes
                0x00000000000002af       0x34 ./Libraries/Src/gpio.o
 .ARM.attributes
                0x00000000000002e3       0x34 ./Libraries/Src/hcsr04.o
 .ARM.attributes
                0x0000000000000317       0x34 ./Libraries/Src/i2c.o
 .ARM.attributes
                0x000000000000034b       0x34 ./Libraries/Src/mpu6050.o
 .ARM.attributes
                0x000000000000037f       0x34 ./Libraries/Src/tim.o
 .ARM.attributes
                0x00000000000003b3       0x34 E:/Programs/STM32 Cube IDE/STM32CubeIDE/plugins/com.st.stm32cube.ide.mcu.externaltools.gnu-tools-for-stm32.11.3.rel1.win32_1.1.0.202305231506/tools/bin/../lib/gcc/arm-none-eabi/11.3.1/../../../../arm-none-eabi/lib/thumb/v7e-m+fp/hard\libc_nano.a(libc_a-memset.o)
 .ARM.attributes
                0x00000000000003e7       0x34 E:/Programs/STM32 Cube IDE/STM32CubeIDE/plugins/com.st.stm32cube.ide.mcu.externaltools.gnu-tools-for-stm32.11.3.rel1.win32_1.1.0.202305231506/tools/bin/../lib/gcc/arm-none-eabi/11.3.1/../../../../arm-none-eabi/lib/thumb/v7e-m+fp/hard\libc_nano.a(libc_a-init.o)
 .ARM.attributes
                0x000000000000041b       0x1e E:/Programs/STM32 Cube IDE/STM32CubeIDE/plugins/com.st.stm32cube.ide.mcu.externaltools.gnu-tools-for-stm32.11.3.rel1.win32_1.1.0.202305231506/tools/bin/../lib/gcc/arm-none-eabi/11.3.1/thumb/v7e-m+fp/hard\libgcc.a(_arm_addsubdf3.o)
 .ARM.attributes
                0x0000000000000439       0x1e E:/Programs/STM32 Cube IDE/STM32CubeIDE/plugins/com.st.stm32cube.ide.mcu.externaltools.gnu-tools-for-stm32.11.3.rel1.win32_1.1.0.202305231506/tools/bin/../lib/gcc/arm-none-eabi/11.3.1/thumb/v7e-m+fp/hard\libgcc.a(_arm_muldivdf3.o)
 .ARM.attributes
                0x0000000000000457       0x1e E:/Programs/STM32 Cube IDE/STM32CubeIDE/plugins/com.st.stm32cube.ide.mcu.externaltools.gnu-tools-for-stm32.11.3.rel1.win32_1.1.0.202305231506/tools/bin/../lib/gcc/arm-none-eabi/11.3.1/thumb/v7e-m+fp/hard\libgcc.a(_arm_fixunsdfsi.o)
 .ARM.attributes
                0x0000000000000475       0x1e E:/Programs/STM32 Cube IDE/STM32CubeIDE/plugins/com.st.stm32cube.ide.mcu.externaltools.gnu-tools-for-stm32.11.3.rel1.win32_1.1.0.202305231506/tools/bin/../lib/gcc/arm-none-eabi/11.3.1/thumb/v7e-m+fp/hard\libgcc.a(_aeabi_uldivmod.o)
 .ARM.attributes
                0x0000000000000493       0x34 E:/Programs/STM32 Cube IDE/STM32CubeIDE/plugins/com.st.stm32cube.ide.mcu.externaltools.gnu-tools-for-stm32.11.3.rel1.win32_1.1.0.202305231506/tools/bin/../lib/gcc/arm-none-eabi/11.3.1/thumb/v7e-m+fp/hard\libgcc.a(_udivmoddi4.o)
 .ARM.attributes
                0x00000000000004c7       0x1e E:/Programs/STM32 Cube IDE/STM32CubeIDE/plugins/com.st.stm32cube.ide.mcu.externaltools.gnu-tools-for-stm32.11.3.rel1.win32_1.1.0.202305231506/tools/bin/../lib/gcc/arm-none-eabi/11.3.1/thumb/v7e-m+fp/hard\libgcc.a(_dvmd_tls.o)
 .ARM.attributes
                0x00000000000004e5       0x1e E:/Programs/STM32 Cube IDE/STM32CubeIDE/plugins/com.st.stm32cube.ide.mcu.externaltools.gnu-tools-for-stm32.11.3.rel1.win32_1.1.0.202305231506/tools/bin/../lib/gcc/arm-none-eabi/11.3.1/thumb/v7e-m+fp/hard/crtn.o
OUTPUT(AutonomousDrivingControlUnit.elf elf32-littlearm)
LOAD linker stubs
LOAD E:/Programs/STM32 Cube IDE/STM32CubeIDE/plugins/com.st.stm32cube.ide.mcu.externaltools.gnu-tools-for-stm32.11.3.rel1.win32_1.1.0.202305231506/tools/bin/../lib/gcc/arm-none-eabi/11.3.1/../../../../arm-none-eabi/lib/thumb/v7e-m+fp/hard\libc.a
LOAD E:/Programs/STM32 Cube IDE/STM32CubeIDE/plugins/com.st.stm32cube.ide.mcu.externaltools.gnu-tools-for-stm32.11.3.rel1.win32_1.1.0.202305231506/tools/bin/../lib/gcc/arm-none-eabi/11.3.1/../../../../arm-none-eabi/lib/thumb/v7e-m+fp/hard\libm.a
LOAD E:/Programs/STM32 Cube IDE/STM32CubeIDE/plugins/com.st.stm32cube.ide.mcu.externaltools.gnu-tools-for-stm32.11.3.rel1.win32_1.1.0.202305231506/tools/bin/../lib/gcc/arm-none-eabi/11.3.1/thumb/v7e-m+fp/hard\libgcc.a

.comment        0x0000000000000000       0x43
 .comment       0x0000000000000000       0x43 E:/Programs/STM32 Cube IDE/STM32CubeIDE/plugins/com.st.stm32cube.ide.mcu.externaltools.gnu-tools-for-stm32.11.3.rel1.win32_1.1.0.202305231506/tools/bin/../lib/gcc/arm-none-eabi/11.3.1/thumb/v7e-m+fp/hard/crtbegin.o
                                         0x44 (size before relaxing)
 .comment       0x0000000000000043       0x44 ./Core/Src/main.o
 .comment       0x0000000000000043       0x44 ./Core/Src/stm32f4xx_hal_msp.o
 .comment       0x0000000000000043       0x44 ./Core/Src/stm32f4xx_it.o
 .comment       0x0000000000000043       0x44 ./Core/Src/system_stm32f4xx.o
 .comment       0x0000000000000043       0x44 ./Drivers/STM32F4xx_HAL_Driver/Src/stm32f4xx_hal.o
 .comment       0x0000000000000043       0x44 ./Drivers/STM32F4xx_HAL_Driver/Src/stm32f4xx_hal_cortex.o
 .comment       0x0000000000000043       0x44 ./Drivers/STM32F4xx_HAL_Driver/Src/stm32f4xx_hal_gpio.o
 .comment       0x0000000000000043       0x44 ./Drivers/STM32F4xx_HAL_Driver/Src/stm32f4xx_hal_i2c.o
 .comment       0x0000000000000043       0x44 ./Drivers/STM32F4xx_HAL_Driver/Src/stm32f4xx_hal_rcc.o
 .comment       0x0000000000000043       0x44 ./Drivers/STM32F4xx_HAL_Driver/Src/stm32f4xx_hal_tim.o
 .comment       0x0000000000000043       0x44 ./Drivers/STM32F4xx_HAL_Driver/Src/stm32f4xx_hal_tim_ex.o
 .comment       0x0000000000000043       0x44 ./Libraries/Src/gpio.o
 .comment       0x0000000000000043       0x44 ./Libraries/Src/hcsr04.o
 .comment       0x0000000000000043       0x44 ./Libraries/Src/i2c.o
 .comment       0x0000000000000043       0x44 ./Libraries/Src/mpu6050.o
 .comment       0x0000000000000043       0x44 ./Libraries/Src/tim.o

.debug_info     0x0000000000000000     0xd238
 .debug_info    0x0000000000000000      0xca8 ./Core/Src/main.o
 .debug_info    0x0000000000000ca8      0xf1f ./Core/Src/stm32f4xx_hal_msp.o
 .debug_info    0x0000000000001bc7      0x6e8 ./Core/Src/stm32f4xx_it.o
 .debug_info    0x00000000000022af      0x53e ./Core/Src/system_stm32f4xx.o
 .debug_info    0x00000000000027ed       0x23 ./Core/Startup/startup_stm32f411retx.o
 .debug_info    0x0000000000002810      0x8c4 ./Drivers/STM32F4xx_HAL_Driver/Src/stm32f4xx_hal.o
 .debug_info    0x00000000000030d4      0xcb6 ./Drivers/STM32F4xx_HAL_Driver/Src/stm32f4xx_hal_cortex.o
 .debug_info    0x0000000000003d8a      0x6f9 ./Drivers/STM32F4xx_HAL_Driver/Src/stm32f4xx_hal_gpio.o
 .debug_info    0x0000000000004483     0x23f2 ./Drivers/STM32F4xx_HAL_Driver/Src/stm32f4xx_hal_i2c.o
 .debug_info    0x0000000000006875      0x8f2 ./Drivers/STM32F4xx_HAL_Driver/Src/stm32f4xx_hal_rcc.o
 .debug_info    0x0000000000007167     0x2941 ./Drivers/STM32F4xx_HAL_Driver/Src/stm32f4xx_hal_tim.o
 .debug_info    0x0000000000009aa8     0x14a7 ./Drivers/STM32F4xx_HAL_Driver/Src/stm32f4xx_hal_tim_ex.o
 .debug_info    0x000000000000af4f      0x3d6 ./Libraries/Src/gpio.o
 .debug_info    0x000000000000b325      0x814 ./Libraries/Src/hcsr04.o
 .debug_info    0x000000000000bb39      0x641 ./Libraries/Src/i2c.o
 .debug_info    0x000000000000c17a      0x8b7 ./Libraries/Src/mpu6050.o
 .debug_info    0x000000000000ca31      0x807 ./Libraries/Src/tim.o

.debug_abbrev   0x0000000000000000     0x20c6
 .debug_abbrev  0x0000000000000000      0x255 ./Core/Src/main.o
 .debug_abbrev  0x0000000000000255      0x1ef ./Core/Src/stm32f4xx_hal_msp.o
 .debug_abbrev  0x0000000000000444      0x1ba ./Core/Src/stm32f4xx_it.o
 .debug_abbrev  0x00000000000005fe      0x11a ./Core/Src/system_stm32f4xx.o
 .debug_abbrev  0x0000000000000718       0x12 ./Core/Startup/startup_stm32f411retx.o
 .debug_abbrev  0x000000000000072a      0x24b ./Drivers/STM32F4xx_HAL_Driver/Src/stm32f4xx_hal.o
 .debug_abbrev  0x0000000000000975      0x327 ./Drivers/STM32F4xx_HAL_Driver/Src/stm32f4xx_hal_cortex.o
 .debug_abbrev  0x0000000000000c9c      0x1d3 ./Drivers/STM32F4xx_HAL_Driver/Src/stm32f4xx_hal_gpio.o
 .debug_abbrev  0x0000000000000e6f      0x2bc ./Drivers/STM32F4xx_HAL_Driver/Src/stm32f4xx_hal_i2c.o
 .debug_abbrev  0x000000000000112b      0x2b5 ./Drivers/STM32F4xx_HAL_Driver/Src/stm32f4xx_hal_rcc.o
 .debug_abbrev  0x00000000000013e0      0x284 ./Drivers/STM32F4xx_HAL_Driver/Src/stm32f4xx_hal_tim.o
 .debug_abbrev  0x0000000000001664      0x28f ./Drivers/STM32F4xx_HAL_Driver/Src/stm32f4xx_hal_tim_ex.o
 .debug_abbrev  0x00000000000018f3      0x134 ./Libraries/Src/gpio.o
 .debug_abbrev  0x0000000000001a27      0x1c7 ./Libraries/Src/hcsr04.o
 .debug_abbrev  0x0000000000001bee      0x15d ./Libraries/Src/i2c.o
 .debug_abbrev  0x0000000000001d4b      0x1e2 ./Libraries/Src/mpu6050.o
 .debug_abbrev  0x0000000000001f2d      0x199 ./Libraries/Src/tim.o

.debug_aranges  0x0000000000000000      0xcb8
 .debug_aranges
                0x0000000000000000       0x38 ./Core/Src/main.o
 .debug_aranges
                0x0000000000000038       0x48 ./Core/Src/stm32f4xx_hal_msp.o
 .debug_aranges
                0x0000000000000080       0x68 ./Core/Src/stm32f4xx_it.o
 .debug_aranges
                0x00000000000000e8       0x28 ./Core/Src/system_stm32f4xx.o
 .debug_aranges
                0x0000000000000110       0x28 ./Core/Startup/startup_stm32f411retx.o
 .debug_aranges
                0x0000000000000138       0xf0 ./Drivers/STM32F4xx_HAL_Driver/Src/stm32f4xx_hal.o
 .debug_aranges
                0x0000000000000228      0x118 ./Drivers/STM32F4xx_HAL_Driver/Src/stm32f4xx_hal_cortex.o
 .debug_aranges
                0x0000000000000340       0x58 ./Drivers/STM32F4xx_HAL_Driver/Src/stm32f4xx_hal_gpio.o
 .debug_aranges
                0x0000000000000398      0x2a0 ./Drivers/STM32F4xx_HAL_Driver/Src/stm32f4xx_hal_i2c.o
 .debug_aranges
                0x0000000000000638       0x88 ./Drivers/STM32F4xx_HAL_Driver/Src/stm32f4xx_hal_rcc.o
 .debug_aranges
                0x00000000000006c0      0x3d0 ./Drivers/STM32F4xx_HAL_Driver/Src/stm32f4xx_hal_tim.o
 .debug_aranges
                0x0000000000000a90      0x168 ./Drivers/STM32F4xx_HAL_Driver/Src/stm32f4xx_hal_tim_ex.o
 .debug_aranges
                0x0000000000000bf8       0x20 ./Libraries/Src/gpio.o
 .debug_aranges
                0x0000000000000c18       0x28 ./Libraries/Src/hcsr04.o
 .debug_aranges
                0x0000000000000c40       0x20 ./Libraries/Src/i2c.o
 .debug_aranges
                0x0000000000000c60       0x38 ./Libraries/Src/mpu6050.o
 .debug_aranges
                0x0000000000000c98       0x20 ./Libraries/Src/tim.o

.debug_rnglists
                0x0000000000000000      0x9e7
 .debug_rnglists
                0x0000000000000000       0x25 ./Core/Src/main.o
 .debug_rnglists
                0x0000000000000025       0x32 ./Core/Src/stm32f4xx_hal_msp.o
 .debug_rnglists
                0x0000000000000057       0x49 ./Core/Src/stm32f4xx_it.o
 .debug_rnglists
                0x00000000000000a0       0x1a ./Core/Src/system_stm32f4xx.o
 .debug_rnglists
                0x00000000000000ba       0x19 ./Core/Startup/startup_stm32f411retx.o
 .debug_rnglists
                0x00000000000000d3       0xaf ./Drivers/STM32F4xx_HAL_Driver/Src/stm32f4xx_hal.o
 .debug_rnglists
                0x0000000000000182       0xce ./Drivers/STM32F4xx_HAL_Driver/Src/stm32f4xx_hal_cortex.o
 .debug_rnglists
                0x0000000000000250       0x3f ./Drivers/STM32F4xx_HAL_Driver/Src/stm32f4xx_hal_gpio.o
 .debug_rnglists
                0x000000000000028f      0x235 ./Drivers/STM32F4xx_HAL_Driver/Src/stm32f4xx_hal_i2c.o
 .debug_rnglists
                0x00000000000004c4       0x66 ./Drivers/STM32F4xx_HAL_Driver/Src/stm32f4xx_hal_rcc.o
 .debug_rnglists
                0x000000000000052a      0x31a ./Drivers/STM32F4xx_HAL_Driver/Src/stm32f4xx_hal_tim.o
 .debug_rnglists
                0x0000000000000844      0x125 ./Drivers/STM32F4xx_HAL_Driver/Src/stm32f4xx_hal_tim_ex.o
 .debug_rnglists
                0x0000000000000969       0x14 ./Libraries/Src/gpio.o
 .debug_rnglists
                0x000000000000097d       0x1a ./Libraries/Src/hcsr04.o
 .debug_rnglists
                0x0000000000000997       0x13 ./Libraries/Src/i2c.o
 .debug_rnglists
                0x00000000000009aa       0x29 ./Libraries/Src/mpu6050.o
 .debug_rnglists
                0x00000000000009d3       0x14 ./Libraries/Src/tim.o

.debug_macro    0x0000000000000000    0x16b28
 .debug_macro   0x0000000000000000      0x2cd ./Core/Src/main.o
 .debug_macro   0x00000000000002cd      0xaa8 ./Core/Src/main.o
 .debug_macro   0x0000000000000d75       0x28 ./Core/Src/main.o
 .debug_macro   0x0000000000000d9d       0x22 ./Core/Src/main.o
 .debug_macro   0x0000000000000dbf       0x8e ./Core/Src/main.o
 .debug_macro   0x0000000000000e4d       0x51 ./Core/Src/main.o
 .debug_macro   0x0000000000000e9e      0x103 ./Core/Src/main.o
 .debug_macro   0x0000000000000fa1       0x6a ./Core/Src/main.o
 .debug_macro   0x000000000000100b      0x1df ./Core/Src/main.o
 .debug_macro   0x00000000000011ea       0x1c ./Core/Src/main.o
 .debug_macro   0x0000000000001206       0x22 ./Core/Src/main.o
 .debug_macro   0x0000000000001228       0xd9 ./Core/Src/main.o
 .debug_macro   0x0000000000001301     0x102d ./Core/Src/main.o
 .debug_macro   0x000000000000232e      0x11f ./Core/Src/main.o
 .debug_macro   0x000000000000244d     0xb953 ./Core/Src/main.o
 .debug_macro   0x000000000000dda0      0x2cb ./Core/Src/main.o
 .debug_macro   0x000000000000e06b       0x2e ./Core/Src/main.o
 .debug_macro   0x000000000000e099       0x6d ./Core/Src/main.o
 .debug_macro   0x000000000000e106     0x367e ./Core/Src/main.o
 .debug_macro   0x0000000000011784      0x174 ./Core/Src/main.o
 .debug_macro   0x00000000000118f8       0x5c ./Core/Src/main.o
 .debug_macro   0x0000000000011954      0x447 ./Core/Src/main.o
 .debug_macro   0x0000000000011d9b      0x9fe ./Core/Src/main.o
 .debug_macro   0x0000000000012799      0x115 ./Core/Src/main.o
 .debug_macro   0x00000000000128ae      0x11b ./Core/Src/main.o
 .debug_macro   0x00000000000129c9       0xa5 ./Core/Src/main.o
 .debug_macro   0x0000000000012a6e      0x15f ./Core/Src/main.o
 .debug_macro   0x0000000000012bcd      0x287 ./Core/Src/main.o
 .debug_macro   0x0000000000012e54       0x5f ./Core/Src/main.o
 .debug_macro   0x0000000000012eb3      0x236 ./Core/Src/main.o
 .debug_macro   0x00000000000130e9      0x132 ./Core/Src/main.o
 .debug_macro   0x000000000001321b      0x264 ./Core/Src/main.o
 .debug_macro   0x000000000001347f       0x2e ./Core/Src/main.o
 .debug_macro   0x00000000000134ad      0x1b5 ./Core/Src/main.o
 .debug_macro   0x0000000000013662       0x22 ./Core/Src/main.o
 .debug_macro   0x0000000000013684       0xd6 ./Core/Src/main.o
 .debug_macro   0x000000000001375a      0x11a ./Core/Src/main.o
 .debug_macro   0x0000000000013874       0x85 ./Core/Src/main.o
 .debug_macro   0x00000000000138f9       0x89 ./Core/Src/main.o
 .debug_macro   0x0000000000013982      0x8e6 ./Core/Src/main.o
 .debug_macro   0x0000000000014268       0x47 ./Core/Src/main.o
 .debug_macro   0x00000000000142af      0x126 ./Core/Src/main.o
 .debug_macro   0x00000000000143d5       0x61 ./Core/Src/main.o
 .debug_macro   0x0000000000014436       0x2a ./Core/Src/main.o
 .debug_macro   0x0000000000014460       0x43 ./Core/Src/main.o
 .debug_macro   0x00000000000144a3       0x34 ./Core/Src/main.o
 .debug_macro   0x00000000000144d7       0x16 ./Core/Src/main.o
 .debug_macro   0x00000000000144ed       0x43 ./Core/Src/main.o
 .debug_macro   0x0000000000014530       0x34 ./Core/Src/main.o
 .debug_macro   0x0000000000014564       0x10 ./Core/Src/main.o
 .debug_macro   0x0000000000014574       0x58 ./Core/Src/main.o
 .debug_macro   0x00000000000145cc       0x8e ./Core/Src/main.o
 .debug_macro   0x000000000001465a       0x1c ./Core/Src/main.o
 .debug_macro   0x0000000000014676      0x177 ./Core/Src/main.o
 .debug_macro   0x00000000000147ed      0x369 ./Core/Src/main.o
 .debug_macro   0x0000000000014b56      0x19b ./Core/Src/main.o
 .debug_macro   0x0000000000014cf1       0x7c ./Core/Src/main.o
 .debug_macro   0x0000000000014d6d      0x1dd ./Core/Src/stm32f4xx_hal_msp.o
 .debug_macro   0x0000000000014f4a      0x1e7 ./Core/Src/stm32f4xx_it.o
 .debug_macro   0x0000000000015131      0x1dd ./Core/Src/system_stm32f4xx.o
 .debug_macro   0x000000000001530e      0x23d ./Drivers/STM32F4xx_HAL_Driver/Src/stm32f4xx_hal.o
 .debug_macro   0x000000000001554b      0x1dd ./Drivers/STM32F4xx_HAL_Driver/Src/stm32f4xx_hal_cortex.o
 .debug_macro   0x0000000000015728      0x1e3 ./Drivers/STM32F4xx_HAL_Driver/Src/stm32f4xx_hal_gpio.o
 .debug_macro   0x000000000001590b      0x224 ./Drivers/STM32F4xx_HAL_Driver/Src/stm32f4xx_hal_i2c.o
 .debug_macro   0x0000000000015b2f      0x201 ./Drivers/STM32F4xx_HAL_Driver/Src/stm32f4xx_hal_rcc.o
 .debug_macro   0x0000000000015d30      0x1de ./Drivers/STM32F4xx_HAL_Driver/Src/stm32f4xx_hal_tim.o
 .debug_macro   0x0000000000015f0e      0x1dd ./Drivers/STM32F4xx_HAL_Driver/Src/stm32f4xx_hal_tim_ex.o
 .debug_macro   0x00000000000160eb      0x1e7 ./Libraries/Src/gpio.o
 .debug_macro   0x00000000000162d2      0x1f1 ./Libraries/Src/hcsr04.o
 .debug_macro   0x00000000000164c3      0x1e7 ./Libraries/Src/i2c.o
 .debug_macro   0x00000000000166aa      0x297 ./Libraries/Src/mpu6050.o
 .debug_macro   0x0000000000016941      0x1e7 ./Libraries/Src/tim.o

.debug_line     0x0000000000000000    0x103b5
 .debug_line    0x0000000000000000      0x959 ./Core/Src/main.o
 .debug_line    0x0000000000000959      0x7f1 ./Core/Src/stm32f4xx_hal_msp.o
 .debug_line    0x000000000000114a      0x833 ./Core/Src/stm32f4xx_it.o
 .debug_line    0x000000000000197d      0x7e5 ./Core/Src/system_stm32f4xx.o
 .debug_line    0x0000000000002162       0x7b ./Core/Startup/startup_stm32f411retx.o
 .debug_line    0x00000000000021dd      0xa4b ./Drivers/STM32F4xx_HAL_Driver/Src/stm32f4xx_hal.o
 .debug_line    0x0000000000002c28      0xcfa ./Drivers/STM32F4xx_HAL_Driver/Src/stm32f4xx_hal_cortex.o
 .debug_line    0x0000000000003922      0xb83 ./Drivers/STM32F4xx_HAL_Driver/Src/stm32f4xx_hal_gpio.o
 .debug_line    0x00000000000044a5     0x3a0d ./Drivers/STM32F4xx_HAL_Driver/Src/stm32f4xx_hal_i2c.o
 .debug_line    0x0000000000007eb2      0xdc2 ./Drivers/STM32F4xx_HAL_Driver/Src/stm32f4xx_hal_rcc.o
 .debug_line    0x0000000000008c74     0x3511 ./Drivers/STM32F4xx_HAL_Driver/Src/stm32f4xx_hal_tim.o
 .debug_line    0x000000000000c185     0x19e3 ./Drivers/STM32F4xx_HAL_Driver/Src/stm32f4xx_hal_tim_ex.o
 .debug_line    0x000000000000db68      0x77b ./Libraries/Src/gpio.o
 .debug_line    0x000000000000e2e3      0x7e3 ./Libraries/Src/hcsr04.o
 .debug_line    0x000000000000eac6      0x782 ./Libraries/Src/i2c.o
 .debug_line    0x000000000000f248      0x9cc ./Libraries/Src/mpu6050.o
 .debug_line    0x000000000000fc14      0x7a1 ./Libraries/Src/tim.o

.debug_str      0x0000000000000000    0x8dc36
 .debug_str     0x0000000000000000    0x8a824 ./Core/Src/main.o
                                      0x8ab97 (size before relaxing)
 .debug_str     0x000000000008a824      0x5eb ./Core/Src/stm32f4xx_hal_msp.o
                                      0x87448 (size before relaxing)
 .debug_str     0x000000000008ae0f      0x11b ./Core/Src/stm32f4xx_it.o
                                      0x86cbf (size before relaxing)
 .debug_str     0x000000000008af2a       0xdb ./Core/Src/system_stm32f4xx.o
                                      0x86878 (size before relaxing)
 .debug_str     0x000000000008b005       0x34 ./Core/Startup/startup_stm32f411retx.o
                                         0x7b (size before relaxing)
 .debug_str     0x000000000008b039      0x5e2 ./Drivers/STM32F4xx_HAL_Driver/Src/stm32f4xx_hal.o
                                      0x872a4 (size before relaxing)
 .debug_str     0x000000000008b61b      0x315 ./Drivers/STM32F4xx_HAL_Driver/Src/stm32f4xx_hal_cortex.o
                                      0x86fc5 (size before relaxing)
 .debug_str     0x000000000008b930      0x16d ./Drivers/STM32F4xx_HAL_Driver/Src/stm32f4xx_hal_gpio.o
                                      0x869f3 (size before relaxing)
 .debug_str     0x000000000008ba9d      0xb2f ./Drivers/STM32F4xx_HAL_Driver/Src/stm32f4xx_hal_i2c.o
                                      0x87836 (size before relaxing)
 .debug_str     0x000000000008c5cc      0x21f ./Drivers/STM32F4xx_HAL_Driver/Src/stm32f4xx_hal_rcc.o
                                      0x86cac (size before relaxing)
 .debug_str     0x000000000008c7eb      0xe43 ./Drivers/STM32F4xx_HAL_Driver/Src/stm32f4xx_hal_tim.o
                                      0x87be0 (size before relaxing)
 .debug_str     0x000000000008d62e      0x503 ./Drivers/STM32F4xx_HAL_Driver/Src/stm32f4xx_hal_tim_ex.o
                                      0x873fc (size before relaxing)
 .debug_str     0x000000000008db31       0x18 ./Libraries/Src/gpio.o
                                      0x86850 (size before relaxing)
 .debug_str     0x000000000008db49       0x3a ./Libraries/Src/hcsr04.o
                                      0x86cdb (size before relaxing)
 .debug_str     0x000000000008db83       0x17 ./Libraries/Src/i2c.o
                                      0x86beb (size before relaxing)
 .debug_str     0x000000000008db9a       0x7b ./Libraries/Src/mpu6050.o
                                      0x8a71e (size before relaxing)
 .debug_str     0x000000000008dc15       0x21 ./Libraries/Src/tim.o
                                      0x86d8a (size before relaxing)

.debug_frame    0x0000000000000000     0x35dc
 .debug_frame   0x0000000000000000       0x90 ./Core/Src/main.o
 .debug_frame   0x0000000000000090       0xdc ./Core/Src/stm32f4xx_hal_msp.o
 .debug_frame   0x000000000000016c      0x120 ./Core/Src/stm32f4xx_it.o
 .debug_frame   0x000000000000028c       0x58 ./Core/Src/system_stm32f4xx.o
 .debug_frame   0x00000000000002e4      0x374 ./Drivers/STM32F4xx_HAL_Driver/Src/stm32f4xx_hal.o
 .debug_frame   0x0000000000000658      0x498 ./Drivers/STM32F4xx_HAL_Driver/Src/stm32f4xx_hal_cortex.o
 .debug_frame   0x0000000000000af0      0x14c ./Drivers/STM32F4xx_HAL_Driver/Src/stm32f4xx_hal_gpio.o
 .debug_frame   0x0000000000000c3c      0xc5c ./Drivers/STM32F4xx_HAL_Driver/Src/stm32f4xx_hal_i2c.o
 .debug_frame   0x0000000000001898      0x1f4 ./Drivers/STM32F4xx_HAL_Driver/Src/stm32f4xx_hal_rcc.o
 .debug_frame   0x0000000000001a8c     0x11bc ./Drivers/STM32F4xx_HAL_Driver/Src/stm32f4xx_hal_tim.o
 .debug_frame   0x0000000000002c48      0x638 ./Drivers/STM32F4xx_HAL_Driver/Src/stm32f4xx_hal_tim_ex.o
 .debug_frame   0x0000000000003280       0x34 ./Libraries/Src/gpio.o
 .debug_frame   0x00000000000032b4       0x50 ./Libraries/Src/hcsr04.o
 .debug_frame   0x0000000000003304       0x2c ./Libraries/Src/i2c.o
 .debug_frame   0x0000000000003330       0xac ./Libraries/Src/mpu6050.o
 .debug_frame   0x00000000000033dc       0x34 ./Libraries/Src/tim.o
 .debug_frame   0x0000000000003410       0x20 E:/Programs/STM32 Cube IDE/STM32CubeIDE/plugins/com.st.stm32cube.ide.mcu.externaltools.gnu-tools-for-stm32.11.3.rel1.win32_1.1.0.202305231506/tools/bin/../lib/gcc/arm-none-eabi/11.3.1/../../../../arm-none-eabi/lib/thumb/v7e-m+fp/hard\libc_nano.a(libc_a-memset.o)
 .debug_frame   0x0000000000003430       0x2c E:/Programs/STM32 Cube IDE/STM32CubeIDE/plugins/com.st.stm32cube.ide.mcu.externaltools.gnu-tools-for-stm32.11.3.rel1.win32_1.1.0.202305231506/tools/bin/../lib/gcc/arm-none-eabi/11.3.1/../../../../arm-none-eabi/lib/thumb/v7e-m+fp/hard\libc_nano.a(libc_a-init.o)
 .debug_frame   0x000000000000345c       0xac E:/Programs/STM32 Cube IDE/STM32CubeIDE/plugins/com.st.stm32cube.ide.mcu.externaltools.gnu-tools-for-stm32.11.3.rel1.win32_1.1.0.202305231506/tools/bin/../lib/gcc/arm-none-eabi/11.3.1/thumb/v7e-m+fp/hard\libgcc.a(_arm_addsubdf3.o)
 .debug_frame   0x0000000000003508       0x50 E:/Programs/STM32 Cube IDE/STM32CubeIDE/plugins/com.st.stm32cube.ide.mcu.externaltools.gnu-tools-for-stm32.11.3.rel1.win32_1.1.0.202305231506/tools/bin/../lib/gcc/arm-none-eabi/11.3.1/thumb/v7e-m+fp/hard\libgcc.a(_arm_muldivdf3.o)
 .debug_frame   0x0000000000003558       0x24 E:/Programs/STM32 Cube IDE/STM32CubeIDE/plugins/com.st.stm32cube.ide.mcu.externaltools.gnu-tools-for-stm32.11.3.rel1.win32_1.1.0.202305231506/tools/bin/../lib/gcc/arm-none-eabi/11.3.1/thumb/v7e-m+fp/hard\libgcc.a(_arm_fixunsdfsi.o)
 .debug_frame   0x000000000000357c       0x2c E:/Programs/STM32 Cube IDE/STM32CubeIDE/plugins/com.st.stm32cube.ide.mcu.externaltools.gnu-tools-for-stm32.11.3.rel1.win32_1.1.0.202305231506/tools/bin/../lib/gcc/arm-none-eabi/11.3.1/thumb/v7e-m+fp/hard\libgcc.a(_aeabi_uldivmod.o)
 .debug_frame   0x00000000000035a8       0x34 E:/Programs/STM32 Cube IDE/STM32CubeIDE/plugins/com.st.stm32cube.ide.mcu.externaltools.gnu-tools-for-stm32.11.3.rel1.win32_1.1.0.202305231506/tools/bin/../lib/gcc/arm-none-eabi/11.3.1/thumb/v7e-m+fp/hard\libgcc.a(_udivmoddi4.o)

.debug_line_str
                0x0000000000000000       0x6f
 .debug_line_str
                0x0000000000000000       0x6f ./Core/Startup/startup_stm32f411retx.o
                                         0x87 (size before relaxing)
